<testsuites id="" name="" tests="2" failures="0" skipped="1" errors="0" time="21.975831000000003">
<testsuite name="LeaveBalance.spec.js" timestamp="2024-05-28T16:00:01.704Z" hostname="chromium" tests="2" failures="0" skipped="1" time="19.309" errors="0">
<testcase name="test" classname="LeaveBalance.spec.js" time="0">
<properties>
<property name="skip" value="">
</property>
</properties>
<skipped>
</skipped>
</testcase>
<testcase name="Check Leave balance" classname="LeaveBalance.spec.js" time="19.309">
</testcase>
</testsuite>
</testsuites>